// Jest Snapshot v1, https://goo.gl/fbAQLP

exports[`test render components in Home renders corretly 1`] = `
<styled.div>
  <styled.div>
    <Link
      disabled={false}
      to="?page=0"
    >
      Previous
    </Link>
    <Link
      disabled={false}
      to="?page=2"
    >
      Next
    </Link>
  </styled.div>
</styled.div>
`;
